// Jest Snapshot v1, https://goo.gl/fbAQLP

exports[`<ProfileScreen/> modal is shown after click 1`] = `
<div>
  <main
    class="ant-layout-content"
    style="background-color: rgb(255, 255, 255); margin: 13px; padding: 13px;"
  >
    <h1
      class="ant-typography"
    >
      Profile
    </h1>
    <div
      style="display: flex; justify-content: center; align-items: center; height: 10vh;"
    >
      <span
        class="ant-badge"
        data-testid="edit-button"
      >
        <span
          class="ant-avatar ant-avatar-circle ant-avatar-icon"
          style="width: 128px; height: 128px; line-height: 128px; font-size: 64px;"
        >
          <i
            aria-label="icon: user"
            class="anticon anticon-user"
          >
            <svg
              aria-hidden="true"
              class=""
              data-icon="user"
              fill="currentColor"
              focusable="false"
              height="1em"
              viewBox="64 64 896 896"
              width="1em"
            >
              <path
                d="M858.5 763.6a374 374 0 0 0-80.6-119.5 375.63 375.63 0 0 0-119.5-80.6c-.4-.2-.8-.3-1.2-.5C719.5 518 760 444.7 760 362c0-137-111-248-248-248S264 225 264 362c0 82.7 40.5 156 102.8 201.1-.4.2-.8.3-1.2.5-44.8 18.9-85 46-119.5 80.6a375.63 375.63 0 0 0-80.6 119.5A371.7 371.7 0 0 0 136 901.8a8 8 0 0 0 8 8.2h60c4.4 0 7.9-3.5 8-7.8 2-77.2 33-149.5 87.8-204.3 56.7-56.7 132-87.9 212.2-87.9s155.5 31.2 212.2 87.9C779 752.7 810 825 812 902.2c.1 4.4 3.6 7.8 8 7.8h60a8 8 0 0 0 8-8.2c-1-47.8-10.9-94.3-29.5-138.2zM512 534c-45.9 0-89.1-17.9-121.6-50.4S340 407.9 340 362c0-45.9 17.9-89.1 50.4-121.6S466.1 190 512 190s89.1 17.9 121.6 50.4S684 316.1 684 362c0 45.9-17.9 89.1-50.4 121.6S557.9 534 512 534z"
              />
            </svg>
          </i>
        </span>
        <i
          aria-label="icon: edit"
          class="anticon anticon-edit ant-scroll-number-custom-component ant-badge-zoom-appear"
          style="margin-bottom: 10px; color: gray;"
          tabindex="-1"
        >
          <svg
            aria-hidden="true"
            class=""
            data-icon="edit"
            fill="currentColor"
            focusable="false"
            height="1em"
            viewBox="64 64 896 896"
            width="1em"
          >
            <path
              d="M257.7 752c2 0 4-.2 6-.5L431.9 722c2-.4 3.9-1.3 5.3-2.8l423.9-423.9a9.96 9.96 0 0 0 0-14.1L694.9 114.9c-1.9-1.9-4.4-2.9-7.1-2.9s-5.2 1-7.1 2.9L256.8 538.8c-1.5 1.5-2.4 3.3-2.8 5.3l-29.5 168.2a33.5 33.5 0 0 0 9.4 29.8c6.6 6.4 14.9 9.9 23.8 9.9zm67.4-174.4L687.8 215l73.3 73.3-362.7 362.6-88.9 15.7 15.6-89zM880 836H144c-17.7 0-32 14.3-32 32v36c0 4.4 3.6 8 8 8h784c4.4 0 8-3.6 8-8v-36c0-17.7-14.3-32-32-32z"
            />
          </svg>
        </i>
      </span>
    </div>
    <div
      style="display: flex; justify-content: center; align-items: center; height: 10vh;"
    >
      <h1>
        First Last
      </h1>
    </div>
    <div
      style="display: flex; justify-content: center; align-items: center;"
    >
      <button
        class="ant-btn ant-btn-lg"
        data-testid="test-wall"
        style="margin-right: 60px;"
        type="button"
      >
        <span>
          Go To Wall
        </span>
      </button>
      <button
        class="ant-btn ant-btn-primary ant-btn-lg"
        data-testid="test-message"
        style="margin-right: 60px;"
        type="button"
      >
        <span>
          Message Me
        </span>
      </button>
      <button
        class="ant-btn ant-btn-primary ant-btn-lg"
        data-testid="test-study"
        style="margin-right: 60px;"
        type="button"
      >
        <span>
          Add to study group
        </span>
      </button>
      <button
        class="ant-btn ant-btn-lg"
        type="button"
      >
        <span>
          Add Friend?
        </span>
      </button>
    </div>
    <div
      class="ant-divider ant-divider-horizontal ant-divider-with-text-center"
      role="separator"
      style="color: black; font: bold bold; margin-top: 30px;"
    >
      <span
        class="ant-divider-inner-text"
      >
        About Me
      </span>
    </div>
    <div
      class="ant-descriptions"
    >
      <div
        class="ant-descriptions-view"
      >
        <table>
          <tbody>
            <tr
              class="ant-descriptions-row"
            >
              <td
                class="ant-descriptions-item"
                colspan="1"
              >
                <span
                  class="ant-descriptions-item-label ant-descriptions-item-colon"
                >
                  First Name
                </span>
                <span
                  class="ant-descriptions-item-content"
                >
                  First
                </span>
              </td>
              <td
                class="ant-descriptions-item"
                colspan="1"
              >
                <span
                  class="ant-descriptions-item-label ant-descriptions-item-colon"
                >
                  Last Name
                </span>
                <span
                  class="ant-descriptions-item-content"
                >
                  Last
                </span>
              </td>
              <td
                class="ant-descriptions-item"
                colspan="1"
              >
                <span
                  class="ant-descriptions-item-label ant-descriptions-item-colon"
                >
                  Mentor status
                </span>
                <span
                  class="ant-descriptions-item-content"
                >
                  false
                </span>
              </td>
            </tr>
            <tr
              class="ant-descriptions-row"
            >
              <td
                class="ant-descriptions-item"
                colspan="3"
              >
                <span
                  class="ant-descriptions-item-label ant-descriptions-item-colon"
                >
                  User ID: 
                </span>
                <span
                  class="ant-descriptions-item-content"
                >
                   
                </span>
              </td>
            </tr>
          </tbody>
        </table>
      </div>
    </div>
    <div
      class="ant-divider ant-divider-horizontal ant-divider-with-text-center"
      role="separator"
      style="color: black; font: bold bold; margin-top: 30px;"
    >
      <span
        class="ant-divider-inner-text"
      >
        My Skills
      </span>
    </div>
    <div
      class="ant-card-grid"
      style="width: 25%; text-align: center; background-color: lightgray;"
    />
    <div
      class="ant-card-grid"
      style="width: 25%; text-align: center; background-color: lightgray;"
    />
    <div
      class="ant-card-grid"
      style="width: 25%; text-align: center; background-color: lightgray;"
    />
    <div
      class="ant-card-grid"
      style="width: 25%; text-align: center; background-color: lightgray;"
    />
  </main>
</div>
`;

exports[`<ProfileScreen/> modal isn't shown 1`] = `
<div>
  <main
    class="ant-layout-content"
    style="background-color: rgb(255, 255, 255); margin: 13px; padding: 13px;"
  >
    <h1
      class="ant-typography"
    >
      Profile
    </h1>
    <div
      style="display: flex; justify-content: center; align-items: center; height: 10vh;"
    >
      <span
        class="ant-badge"
        data-testid="edit-button"
      >
        <span
          class="ant-avatar ant-avatar-circle ant-avatar-icon"
          style="width: 128px; height: 128px; line-height: 128px; font-size: 64px;"
        >
          <i
            aria-label="icon: user"
            class="anticon anticon-user"
          >
            <svg
              aria-hidden="true"
              class=""
              data-icon="user"
              fill="currentColor"
              focusable="false"
              height="1em"
              viewBox="64 64 896 896"
              width="1em"
            >
              <path
                d="M858.5 763.6a374 374 0 0 0-80.6-119.5 375.63 375.63 0 0 0-119.5-80.6c-.4-.2-.8-.3-1.2-.5C719.5 518 760 444.7 760 362c0-137-111-248-248-248S264 225 264 362c0 82.7 40.5 156 102.8 201.1-.4.2-.8.3-1.2.5-44.8 18.9-85 46-119.5 80.6a375.63 375.63 0 0 0-80.6 119.5A371.7 371.7 0 0 0 136 901.8a8 8 0 0 0 8 8.2h60c4.4 0 7.9-3.5 8-7.8 2-77.2 33-149.5 87.8-204.3 56.7-56.7 132-87.9 212.2-87.9s155.5 31.2 212.2 87.9C779 752.7 810 825 812 902.2c.1 4.4 3.6 7.8 8 7.8h60a8 8 0 0 0 8-8.2c-1-47.8-10.9-94.3-29.5-138.2zM512 534c-45.9 0-89.1-17.9-121.6-50.4S340 407.9 340 362c0-45.9 17.9-89.1 50.4-121.6S466.1 190 512 190s89.1 17.9 121.6 50.4S684 316.1 684 362c0 45.9-17.9 89.1-50.4 121.6S557.9 534 512 534z"
              />
            </svg>
          </i>
        </span>
        <i
          aria-label="icon: edit"
          class="anticon anticon-edit ant-scroll-number-custom-component ant-badge-zoom-appear"
          style="margin-bottom: 10px; color: gray;"
          tabindex="-1"
        >
          <svg
            aria-hidden="true"
            class=""
            data-icon="edit"
            fill="currentColor"
            focusable="false"
            height="1em"
            viewBox="64 64 896 896"
            width="1em"
          >
            <path
              d="M257.7 752c2 0 4-.2 6-.5L431.9 722c2-.4 3.9-1.3 5.3-2.8l423.9-423.9a9.96 9.96 0 0 0 0-14.1L694.9 114.9c-1.9-1.9-4.4-2.9-7.1-2.9s-5.2 1-7.1 2.9L256.8 538.8c-1.5 1.5-2.4 3.3-2.8 5.3l-29.5 168.2a33.5 33.5 0 0 0 9.4 29.8c6.6 6.4 14.9 9.9 23.8 9.9zm67.4-174.4L687.8 215l73.3 73.3-362.7 362.6-88.9 15.7 15.6-89zM880 836H144c-17.7 0-32 14.3-32 32v36c0 4.4 3.6 8 8 8h784c4.4 0 8-3.6 8-8v-36c0-17.7-14.3-32-32-32z"
            />
          </svg>
        </i>
      </span>
    </div>
    <div
      style="display: flex; justify-content: center; align-items: center; height: 10vh;"
    >
      <h1>
        First Last
      </h1>
    </div>
    <div
      style="display: flex; justify-content: center; align-items: center;"
    >
      <button
        class="ant-btn ant-btn-lg"
        data-testid="test-wall"
        style="margin-right: 60px;"
        type="button"
      >
        <span>
          Go To Wall
        </span>
      </button>
      <button
        class="ant-btn ant-btn-primary ant-btn-lg"
        data-testid="test-message"
        style="margin-right: 60px;"
        type="button"
      >
        <span>
          Message Me
        </span>
      </button>
      <button
        class="ant-btn ant-btn-primary ant-btn-lg"
        data-testid="test-study"
        style="margin-right: 60px;"
        type="button"
      >
        <span>
          Add to study group
        </span>
      </button>
      <button
        class="ant-btn ant-btn-lg"
        type="button"
      >
        <span>
          Add Friend?
        </span>
      </button>
    </div>
    <div
      class="ant-divider ant-divider-horizontal ant-divider-with-text-center"
      role="separator"
      style="color: black; font: bold bold; margin-top: 30px;"
    >
      <span
        class="ant-divider-inner-text"
      >
        About Me
      </span>
    </div>
    <div
      class="ant-descriptions"
    >
      <div
        class="ant-descriptions-view"
      >
        <table>
          <tbody>
            <tr
              class="ant-descriptions-row"
            >
              <td
                class="ant-descriptions-item"
                colspan="1"
              >
                <span
                  class="ant-descriptions-item-label ant-descriptions-item-colon"
                >
                  First Name
                </span>
                <span
                  class="ant-descriptions-item-content"
                >
                  First
                </span>
              </td>
              <td
                class="ant-descriptions-item"
                colspan="1"
              >
                <span
                  class="ant-descriptions-item-label ant-descriptions-item-colon"
                >
                  Last Name
                </span>
                <span
                  class="ant-descriptions-item-content"
                >
                  Last
                </span>
              </td>
              <td
                class="ant-descriptions-item"
                colspan="1"
              >
                <span
                  class="ant-descriptions-item-label ant-descriptions-item-colon"
                >
                  Mentor status
                </span>
                <span
                  class="ant-descriptions-item-content"
                >
                  false
                </span>
              </td>
            </tr>
            <tr
              class="ant-descriptions-row"
            >
              <td
                class="ant-descriptions-item"
                colspan="3"
              >
                <span
                  class="ant-descriptions-item-label ant-descriptions-item-colon"
                >
                  User ID: 
                </span>
                <span
                  class="ant-descriptions-item-content"
                >
                   
                </span>
              </td>
            </tr>
          </tbody>
        </table>
      </div>
    </div>
    <div
      class="ant-divider ant-divider-horizontal ant-divider-with-text-center"
      role="separator"
      style="color: black; font: bold bold; margin-top: 30px;"
    >
      <span
        class="ant-divider-inner-text"
      >
        My Skills
      </span>
    </div>
    <div
      class="ant-card-grid"
      style="width: 25%; text-align: center; background-color: lightgray;"
    />
    <div
      class="ant-card-grid"
      style="width: 25%; text-align: center; background-color: lightgray;"
    />
    <div
      class="ant-card-grid"
      style="width: 25%; text-align: center; background-color: lightgray;"
    />
    <div
      class="ant-card-grid"
      style="width: 25%; text-align: center; background-color: lightgray;"
    />
  </main>
</div>
`;
